MigrateRequest {
    host: "127.0.0.1",
    port_arg: [
        54,
        51,
        55,
        57,
    ],
    destination_db: 0,
    timeout: 1s,
    copy: false,
    replace: false,
    auth_username: None,
    auth_password: Some(
        [
            115,
            101,
            99,
            114,
            101,
            116,
        ],
    ),
    keys: [
        [
            107,
            101,
            121,
            49,
        ],
    ],
}